ASxxxx Linker V03.00 + NoICE + sdld,  page 1.
Hexadecimal  [32-Bits]

Area                                    Addr        Size        Decimal Bytes (Attributes)
--------------------------------        ----        ----        ------- ----- ------------
.  .ABS.                            00000000    00000000 =           0. bytes (ABS,CON)

      Value  Global                              Global Defined In Module
      -----  --------------------------------   ------------------------
     00000000  .__.ABS.                           cpct_strings
     00000000  GAME_LOOP                          game_manager
     00000000  l__ABS                          
     00000000  l__CABS                         
     00000000  l__DABS                         
     00000000  l__GSFINAL                      
     00000000  l__GSINIT                       
     00000000  l__HOME                         
     00000000  l__INITIALIZED                  
     00000000  l__INITIALIZER                  
     00000000  s__ABS                          
     00000000  s__ABS0                         
     00000000  s__CABS                         
     00000000  s__DABS                         
     00000001  MAIN_MENU                          game_manager
     00000002  MAP_LOAD                           game_manager
     00000003  PAUSE_MENU                         game_manager
     00000004  GAME_OVER                          game_manager
     00000005  VICTORY                            game_manager
     000000E1  l__DATA                         
     00000100  l__ABS0                         
     00000200  s__CODE                         
     000021A9  l__CODE                         
     000023A9  s__DATA                         
     0000248A  s__GSFINAL                      
     0000248A  s__GSINIT                       
     0000248A  s__HOME                         
     0000248A  s__INITIALIZED                  
     0000248A  s__INITIALIZER                  

ASxxxx Linker V03.00 + NoICE + sdld,  page 2.
Hexadecimal  [32-Bits]

Area                                    Addr        Size        Decimal Bytes (Attributes)
--------------------------------        ----        ----        ------- ----- ------------
_CODE                               00000200    000021A9 =        8617. bytes (REL,CON)

      Value  Global                              Global Defined In Module
      -----  --------------------------------   ------------------------
     00000200  _s_small_numbers_00                small_numbers
     0000020A  _s_small_numbers_01                small_numbers
     00000214  _s_small_numbers_02                small_numbers
     0000021E  _s_small_numbers_03                small_numbers
     00000228  _s_small_numbers_04                small_numbers
     00000232  _s_small_numbers_05                small_numbers
     0000023C  _s_small_numbers_06                small_numbers
     00000246  _s_small_numbers_07                small_numbers
     00000250  _s_small_numbers_08                small_numbers
     0000025A  _s_small_numbers_09                small_numbers
     00000264  _s_font_0                          font_chars_0
     000005B2  _g_palette                         g_palette
     000005C2  main_init                          cpct_keyboard
     000005D9  _main                              cpct_keyboard
     000005EA  man_fight_init                     fight_manager
     000005EB  man_fight_update                   fight_manager
     000005EC  _entities_access_table             cpct_keyboard
     000005EC  _entities_components0_ptr_pend     cpct_keyboard
     000005EE  _entities_components1_ptr_pend     cpct_keyboard
     000005F0  _entities_components2_ptr_pend     cpct_keyboard
     000005F2  _entities_components3_ptr_pend     cpct_keyboard
     000005F4  _entities_components4_ptr_pend     cpct_keyboard
     000005F6  _entities_components               cpct_keyboard
     0000066E  man_components_init                cpct_keyboard
     0000068C  man_components_getComponentPtrHL   cpct_keyboard
     0000069A  man_components_getArrayHL          cpct_keyboard
     000006A0  man_components_add                 cpct_keyboard
     000006B3  man_components_removePtr           cpct_keyboard
     000006D8  man_array_init                     array_manager
     000006F2  man_array_create_element           array_manager
     00000726  man_array_remove_element           array_manager
     00000773  man_array_get_element              array_manager
     00000782  man_array_get_random_element       array_manager
     0000079B  man_array_move_all_elements        array_manager
     000007C3  man_array_execute_each             array_manager
     000007F1  man_array_execute_each_matching    array_manager
     0000082C  man_array_first_element            array_manager
     0000083B  _entity_array                      cpct_keyboard
     0000097B  man_entity_destroy                 cpct_keyboard
     000009B5  man_entity_new                     cpct_keyboard
     000009D6  man_entity_init                    cpct_keyboard
     000009F4  man_entity_init_linked_list        cpct_keyboard
     00000A0F  man_entity_set4destruction         cpct_keyboard
     00000A1D  man_entity_update                  cpct_keyboard
     00000A44  man_entity_create                  cpct_keyboard
     00000A84  man_entity_getEntityArrayIX        cpct_keyboard
     00000A8C  man_entity_getPlayerPosition       cpct_keyboard
     00000A91  man_entity_getOponentPosition      cpct_keyboard
     00000AA0  man_entity_deleteEverythingExcep   cpct_keyboard
     00000AB5  man_game_init                      game_manager
ASxxxx Linker V03.00 + NoICE + sdld,  page 3.
Hexadecimal  [32-Bits]

Area                                    Addr        Size        Decimal Bytes (Attributes)
--------------------------------        ----        ----        ------- ----- ------------
_CODE                               00000200    000021A9 =        8617. bytes (REL,CON)

      Value  Global                              Global Defined In Module
      -----  --------------------------------   ------------------------
     00000AD0  man_game_update                    game_manager
     00000AFB  man_game_get_state                 game_manager
     00000AFF  man_game_set_state                 game_manager
     00000B03  sys_physics_init                   physics_system
     00000B0C  sys_physics_apply_gravity          physics_system
     00000B1E  sys_physics_apply_friction_vx      physics_system
     00000B45  sys_physics_apply_friction_vy      physics_system
     00000B6C  sys_physics_update_one_entity      physics_system
     00000BB7  sys_physics_update                 physics_system
     00000BCD  sys_render_clear_buffer            render_system
     00000BD8  sys_render_clear_back_buffer       render_system
     00000BE2  sys_render_clear_front_buffer      render_system
     00000BEC  sys_render_switch_buffers          render_system
     00000C02  sys_render_init                    render_system
     00000C22  sys_render_erase_one_entity        render_system
     00000C37  sys_render_draw_one_player_entit   render_system
     00000C50  sys_render_draw_sprite_one_entit   render_system
     00000C66  sys_render_update_one_entity       render_system
     00000CA3  sys_render_update                  render_system
     00000CB8  sys_render_debug_entity            render_system
     00000D28  sys_util_h_times_e                 sys_util
     00000D4C  sys_util_hl_div_c                  sys_util
     00000D59  sys_util_absHL                     sys_util
     00000D63  sys_util_BCD_GetEnd                sys_util
     00000D6E  sys_util_BCD_Add                   sys_util
     00000D78  sys_util_BCD_Compare               sys_util
     00000D87  sys_util_get_random_number         sys_util
     00000D9D  sys_util_delay                     sys_util
     00000DA5  sys_text_reset_aux_txt             text_manager
     00000DB0  sys_text_str_length                text_manager
     00000DBC  sys_text_str_copy                  text_manager
     00000DCB  sys_text_str_cmp                   text_manager
     00000DE5  sys_text_draw_char                 text_manager
     00000E75  sys_text_draw_string               text_manager
     00000EC4  sys_text_num2str8                  text_manager
     00000EDB  sys_text_draw_small_char_number    text_manager
     00000EF2  sys_text_draw_small_number         text_manager
     00000F1F  sys_messages_load_window_data      messages_system
     00000F74  sys_messages_draw_window           messages_system
     00000FAA  sys_messages_restore_message_bac   messages_system
     00000FBD  sys_messages_show                  messages_system
     00001048  sys_messages_draw_box              messages_system
     00001CC2  sys_system_disable_firmware        system_system
     00001CD4  sys_collision_init                 physics_system
     00001CDD  sys_collision_update_one_entity    physics_system
     00001CDE  sys_collision_update               physics_system
     00001CF4  sys_input_clean_buffer             input_system
     00001CFA  sys_input_wait4anykey              input_system
     00001D0C  sys_input_getKeyPressed            input_system
     00001D32  sys_input_waitKeyPressed           input_system
     00001D46  sys_input_init                     input_system
ASxxxx Linker V03.00 + NoICE + sdld,  page 4.
Hexadecimal  [32-Bits]

Area                                    Addr        Size        Decimal Bytes (Attributes)
--------------------------------        ----        ----        ------- ----- ------------
_CODE                               00000200    000021A9 =        8617. bytes (REL,CON)

      Value  Global                              Global Defined In Module
      -----  --------------------------------   ------------------------
     00001D47  sys_input_generic_update           input_system
     00001D67  sys_input_main_menu_update         input_system
     00001D6F  sys_input_player_left              input_system
     00001D98  sys_input_player_right             input_system
     00001DC0  sys_input_player_up                input_system
     00001DE9  sys_input_player_down              input_system
     00001E11  sys_input_player_jump              input_system
     00001E2D  sys_input_player_update            input_system
     00001E3C  _cpct_setInterruptHandler          cpct_firmware
     00001E3C  cpct_setInterruptHandler_asm       cpct_firmware
     00001E4D  cpct_safeInterruptHandlerHook      cpct_firmware
     00001E63  cpct_getScreenToSprite_asm         cpct_sprites
     00001E85  cpct_setPalette_asm                cpct_video
     00001E98  _cpct_isKeyPressed                 cpct_keyboard
     00001E98  cpct_isKeyPressed_asm              cpct_keyboard
     00001EA4  cpct_setPALColour_asm              cpct_video
     00001EAE  cpct_drawSprite_asm                cpct_sprites
     00001F4E  cpct_etm_drawTileBox2x4_asm        cpct_easytilemaps
     00001FDA  cpct_etm_drawTilemap4x8_ag_asm     cpct_easytilemaps
     00001FDC  cpct_etm_dtm4x8_ag_asm_widthHeig   cpct_easytilemaps
     00001FF2  cpct_etm_dtm4x8_ag_asm_tilesetPt   cpct_easytilemaps
     0000205D  cpct_etm_dtm4x8_ag_asm_restoreI    cpct_easytilemaps
     00002063  cpct_etm_dtm4x8_ag_asm_increment   cpct_easytilemaps
     00002068  cpct_etm_dtm4x8_ag_asm_restoreWi   cpct_easytilemaps
     0000206B  cpct_etm_dtm4x8_ag_asm_updateWid   cpct_easytilemaps
     00002073  _cpct_keyboardStatusBuffer         cpct_keyboard
     0000207D  cpct_waitHalts_asm                 cpct_memutils
     00002081  _cpct_setSeed_mxor                 cpct_random
     00002081  cpct_setSeed_mxor_asm              cpct_random
     00002089  _cpct_etm_drawTileRow2x4           cpct_easytilemaps
     00002090  cpct_etm_drawTileRow2x4_asm        cpct_easytilemaps
     00002092  dtr_restore_ptileset               cpct_easytilemaps
     000020AA  cpct_setSeed_xsp40_u8_asm          cpct_random
     000020B5  _cpct_setVideoMemoryPage           cpct_video
     000020B5  cpct_setVideoMemoryPage_asm        cpct_video
     000020BE  cpct_memset_f64_asm                cpct_memutils
     00002104  _cpct_getRandom_xsp40_u8           cpct_random
     00002104  cpct_getRandom_xsp40_u8_asm        cpct_random
     00002109  _cpct_seed1_xsp40_u8               cpct_random
     0000210C  _cpct_seed2_xsp40_u8               cpct_random
     00002126  _cpct_seed3_xsp40_u8               cpct_random
     00002129  _cpct_isAnyKeyPressed              cpct_keyboard
     00002129  cpct_isAnyKeyPressed_asm           cpct_keyboard
     00002136  _cpct_scanKeyboard_if              cpct_keyboard
     00002136  cpct_scanKeyboard_if_asm           cpct_keyboard
     0000219E  cpct_setVideoMode_asm              cpct_video
     000021AB  _cpct_waitVSYNC                    cpct_video
     000021AB  cpct_waitVSYNC_asm                 cpct_video
     000021B3  cpct_memset_asm                    cpct_memutils
     000021BB  cpct_px2byteM0_asm                 cpct_sprites
     000021D5  _cpct_disableFirmware              cpct_firmware
ASxxxx Linker V03.00 + NoICE + sdld,  page 5.
Hexadecimal  [32-Bits]

Area                                    Addr        Size        Decimal Bytes (Attributes)
--------------------------------        ----        ----        ------- ----- ------------
_CODE                               00000200    000021A9 =        8617. bytes (REL,CON)

      Value  Global                              Global Defined In Module
      -----  --------------------------------   ------------------------
     000021D5  _cpct_removeInterruptHandler       cpct_firmware
     000021D5  cpct_disableFirmware_asm           cpct_firmware
     000021D5  cpct_removeInterruptHandler_asm    cpct_firmware
     000021E5  cpct_drawSolidBox_asm              cpct_sprites
     00002288  _cpct_getRandom_mxor_u8            cpct_random
     00002288  cpct_getRandom_mxor_u8_asm         cpct_random
     00002289  cpct_randomIdx_mxor_u8             cpct_random
     000022AD  cpct_drawTileAligned2x4_f_asm      cpct_sprites
     000022CE  cpct_drawSpriteBlended_asm         cpct_sprites
     000022D4  _cpct_dsb_blendFunction            cpct_sprites
     000022F5  _cpct_mode_rom_status              cpct_firmware
     000022F6  cpct_getScreenPtr_asm              cpct_video
     00002308  _cpct_scanKeyboard                 cpct_keyboard
     00002308  cpct_scanKeyboard_asm              cpct_keyboard
     00002339  _cpct_waitVSYNCStart               cpct_video
     00002339  cpct_waitVSYNCStart_asm            cpct_video
     00002346  cpct_etm_setDrawTilemap4x8_ag_as   cpct_easytilemaps
     00002372  _cpct_mxor32_seed                  cpct_random
     00002376  _cpct_nextRandom_mxor_u32          cpct_random
     00002376  cpct_nextRandom_mxor_u32_asm       cpct_random
     00002399  dc_mode0_ct                        cpct_strings

ASxxxx Linker V03.00 + NoICE + sdld,  page 6.
Hexadecimal  [32-Bits]

Area                                    Addr        Size        Decimal Bytes (Attributes)
--------------------------------        ----        ----        ------- ----- ------------
_DATA                               000023A9    000000E1 =         225. bytes (REL,CON)

      Value  Global                              Global Defined In Module
      -----  --------------------------------   ------------------------
     000023BE  first_lvl                          fight_manager
     000023F5  player1Tpl                         game_manager
     00002415  ballTpl                            game_manager
     00002435  game_state                         game_manager
     00002438  sys_render_front_buffer            render_system
     00002439  sys_render_back_buffer             render_system
     0000243A  sys_render_touched_zones           render_system
     0000243B  string_buffer                      sys_util
     00002446  aux_txt                            text_manager
     0000245A  _window_data                       messages_system
     00002471  nInterrupt                         system_system
     00002472  sys_input_main_menu_actions        input_system
     00002474  sys_input_player_actions           input_system

ASxxxx Linker V03.00 + NoICE + sdld,  page 7.
Hexadecimal  [32-Bits]

Area                                    Addr        Size        Decimal Bytes (Attributes)
--------------------------------        ----        ----        ------- ----- ------------
_ABS0                               00000000    00000100 =         256. bytes (ABS,CON)

      Value  Global                              Global Defined In Module
      -----  --------------------------------   ------------------------
     00000100  transparency_table                 render_system

ASxxxx Linker V03.00 + NoICE + sdld,  page 8.

Files Linked                              [ module(s) ]

obj/assets/sprites/small_numbers.rel      [ small_numbers ]
obj/assets/sprites/font_chars_0.rel       [ font_chars_0 ]
obj/assets/palette/g_palette.rel          [ g_palette ]
obj/macros.h.rel                          [  ]
obj/main.rel                              [ cpct_keyboard ]
obj/common.h.rel                          [  ]
obj/cmp/cmp.h.rel                         [  ]
obj/man/fight.rel                         [ fight_manager ]
obj/man/fight.h.rel                       [ fight_manager ]
obj/man/game.h.rel                        [ game_manager ]
obj/man/components.rel                    [ cpct_keyboard ]
obj/man/array.rel                         [ array_manager ]
obj/man/entities.h.rel                    [ Entity_Manager ]
obj/man/array.h.rel                       [ array_manager ]
obj/man/components.h.rel                  [  ]
obj/man/entities.rel                      [ cpct_keyboard ]
obj/man/game.rel                          [ game_manager ]
obj/sys/physics.rel                       [ physics_system ]
obj/sys/render.rel                        [ render_system ]
obj/sys/ai.h.rel                          [  ]
obj/sys/util.rel                          [ sys_util ]
obj/sys/system.h.rel                      [ system_system ]
obj/sys/text.h.rel                        [  ]
obj/sys/ai_actions.rel                    [  ]
obj/sys/util.h.rel                        [  ]
obj/sys/messages.h.rel                    [ messages_system ]
obj/sys/text.rel                          [ text_manager ]
obj/sys/collision.h.rel                   [ collision_system ]
obj/sys/messages.rel                      [ messages_system ]
obj/sys/input.h.rel                       [  ]
obj/sys/system.rel                        [ system_system ]
obj/sys/render.h.rel                      [ render_system ]
obj/sys/physics.h.rel                     [  ]
obj/sys/collision.rel                     [ physics_system ]
obj/sys/input.rel                         [ input_system ]


Libraries Linked                          [ object file ]

/home/drodri/sources/retro/cpctelera/cpctelera/cpctelera.lib
                                          [ cpct_setInterruptHandler.rel ]
/home/drodri/sources/retro/cpctelera/cpctelera/cpctelera.lib
                                          [ cpct_getScreenToSprite_asmbindin ]
/home/drodri/sources/retro/cpctelera/cpctelera/cpctelera.lib
                                          [ cpct_setPalette_asmbindings.rel ]
/home/drodri/sources/retro/cpctelera/cpctelera/cpctelera.lib
                                          [ cpct_isKeyPressed.rel ]
/home/drodri/sources/retro/cpctelera/cpctelera/cpctelera.lib
                                          [ cpct_setPALColour_asmbindings.re ]
/home/drodri/sources/retro/cpctelera/cpctelera/cpctelera.lib
                                          [ cpct_drawSprite_asmbindings.rel ]
/home/drodri/sources/retro/cpctelera/cpctelera/cpctelera.lib
                                          [ cpct_etm_drawTileBox2x4_asmbindi ]
/home/drodri/sources/retro/cpctelera/cpctelera/cpctelera.lib
                                          [ cpct_etm_drawTilemap4x8_ag_asmbi ]
/home/drodri/sources/retro/cpctelera/cpctelera/cpctelera.lib
                                          [ keyboard.rel ]
/home/drodri/sources/retro/cpctelera/cpctelera/cpctelera.lib
                                          [ cpct_waitHalts_asmbindings.rel ]
/home/drodri/sources/retro/cpctelera/cpctelera/cpctelera.lib
                                          [ cpct_setSeed_mxor.rel ]
/home/drodri/sources/retro/cpctelera/cpctelera/cpctelera.lib
                                          [ cpct_etm_drawTileRow2x4.rel ]
/home/drodri/sources/retro/cpctelera/cpctelera/cpctelera.lib
                                          [ cpct_setSeed_xsp40_u8_asmbinding ]
/home/drodri/sources/retro/cpctelera/cpctelera/cpctelera.lib
                                          [ cpct_setVideoMemoryPage.rel ]
/home/drodri/sources/retro/cpctelera/cpctelera/cpctelera.lib
                                          [ cpct_memset_f64_asmbinding.rel ]
/home/drodri/sources/retro/cpctelera/cpctelera/cpctelera.lib
                                          [ cpct_getRandom_xsp40_u8.rel ]
/home/drodri/sources/retro/cpctelera/cpctelera/cpctelera.lib
                                          [ cpct_isAnyKeyPressed.rel ]
/home/drodri/sources/retro/cpctelera/cpctelera/cpctelera.lib
                                          [ cpct_scanKeyboard_if.rel ]
/home/drodri/sources/retro/cpctelera/cpctelera/cpctelera.lib
                                          [ cpct_setVideoMode_asmbindings.re ]
/home/drodri/sources/retro/cpctelera/cpctelera/cpctelera.lib
                                          [ cpct_waitVSYNC.rel ]
/home/drodri/sources/retro/cpctelera/cpctelera/cpctelera.lib
                                          [ cpct_memset_asmbinding.rel ]
/home/drodri/sources/retro/cpctelera/cpctelera/cpctelera.lib
                                          [ cpct_px2byteM0_asmbindings.rel ]
/home/drodri/sources/retro/cpctelera/cpctelera/cpctelera.lib
                                          [ cpct_removeInterruptHandler.rel ]
/home/drodri/sources/retro/cpctelera/cpctelera/cpctelera.lib
                                          [ cpct_drawSolidBox_asmbindings.re ]
/home/drodri/sources/retro/cpctelera/cpctelera/cpctelera.lib
                                          [ cpct_getRandom_mxor_u8.rel ]
/home/drodri/sources/retro/cpctelera/cpctelera/cpctelera.lib
                                          [ cpct_drawTileAligned2x4_f_asmbin ]
/home/drodri/sources/retro/cpctelera/cpctelera/cpctelera.lib
                                          [ cpct_drawSpriteBlended_asmbindin ]
/home/drodri/sources/retro/cpctelera/cpctelera/cpctelera.lib
                                          [ cpc_mode_rom_status.rel ]
/home/drodri/sources/retro/cpctelera/cpctelera/cpctelera.lib
                                          [ cpct_getScreenPtr_asmbindings.re ]
/home/drodri/sources/retro/cpctelera/cpctelera/cpctelera.lib
                                          [ cpct_scanKeyboard.rel ]
/home/drodri/sources/retro/cpctelera/cpctelera/cpctelera.lib
                                          [ cpct_waitVSYNCStart.rel ]
/home/drodri/sources/retro/cpctelera/cpctelera/cpctelera.lib
                                          [ cpct_etm_setDrawTilemap4x8_ag_as ]
/home/drodri/sources/retro/cpctelera/cpctelera/cpctelera.lib
                                          [ cpct_mxor32_seed.rel ]
/home/drodri/sources/retro/cpctelera/cpctelera/cpctelera.lib
                                          [ cpct_nextRandom_mxor_u32.rel ]
/home/drodri/sources/retro/cpctelera/cpctelera/cpctelera.lib
                                          [ cpct_dc_mode0_ct.rel ]

ASxxxx Linker V03.00 + NoICE + sdld,  page 9.

User Base Address Definitions

_CODE = 0x0200
_DATA = 0x0000

