ASxxxx Linker V03.00 + NoICE + sdld,  page 1.
Hexadecimal  [32-Bits]

Area                                    Addr        Size        Decimal Bytes (Attributes)
--------------------------------        ----        ----        ------- ----- ------------
.  .ABS.                            00000000    00000000 =           0. bytes (ABS,CON)

      Value  Global                              Global Defined In Module
      -----  --------------------------------   ------------------------
     00000000  .__.ABS.                           cpct_strings
     00000000  GAME_LOOP                          game_manager
     00000000  l__ABS                          
     00000000  l__CABS                         
     00000000  l__DABS                         
     00000000  l__GSFINAL                      
     00000000  l__GSINIT                       
     00000000  l__HOME                         
     00000000  l__INITIALIZED                  
     00000000  l__INITIALIZER                  
     00000000  s__ABS                          
     00000000  s__ABS0                         
     00000000  s__CABS                         
     00000000  s__DABS                         
     00000001  MAIN_MENU                          game_manager
     00000002  MAP_LOAD                           game_manager
     00000003  PAUSE_MENU                         game_manager
     00000004  GAME_OVER                          game_manager
     00000005  VICTORY                            game_manager
     000000C1  l__DATA                         
     00000100  l__ABS0                         
     00000200  s__CODE                         
     00002189  l__CODE                         
     00002389  s__DATA                         
     0000244A  s__GSFINAL                      
     0000244A  s__GSINIT                       
     0000244A  s__HOME                         
     0000244A  s__INITIALIZED                  
     0000244A  s__INITIALIZER                  

ASxxxx Linker V03.00 + NoICE + sdld,  page 2.
Hexadecimal  [32-Bits]

Area                                    Addr        Size        Decimal Bytes (Attributes)
--------------------------------        ----        ----        ------- ----- ------------
_CODE                               00000200    00002189 =        8585. bytes (REL,CON)

      Value  Global                              Global Defined In Module
      -----  --------------------------------   ------------------------
     00000200  _s_small_numbers_00                small_numbers
     0000020A  _s_small_numbers_01                small_numbers
     00000214  _s_small_numbers_02                small_numbers
     0000021E  _s_small_numbers_03                small_numbers
     00000228  _s_small_numbers_04                small_numbers
     00000232  _s_small_numbers_05                small_numbers
     0000023C  _s_small_numbers_06                small_numbers
     00000246  _s_small_numbers_07                small_numbers
     00000250  _s_small_numbers_08                small_numbers
     0000025A  _s_small_numbers_09                small_numbers
     00000264  _s_font_0                          font_chars_0
     000005B2  _g_palette                         g_palette
     000005C2  main_init                          cpct_keyboard
     000005D9  _main                              cpct_keyboard
     000005EA  man_array_init                     array_manager
     00000604  man_array_create_element           array_manager
     00000638  man_array_remove_element           array_manager
     00000685  man_array_get_element              array_manager
     00000694  man_array_get_random_element       array_manager
     000006AD  man_array_move_all_elements        array_manager
     000006D5  man_array_execute_each             array_manager
     00000703  man_array_execute_each_matching    array_manager
     0000073E  man_array_first_element            array_manager
     00000748  _entities_access_table             cpct_keyboard
     00000748  _entities_components0_ptr_pend     cpct_keyboard
     0000074A  _entities_components1_ptr_pend     cpct_keyboard
     0000074C  _entities_components2_ptr_pend     cpct_keyboard
     0000074E  _entities_components3_ptr_pend     cpct_keyboard
     00000750  _entities_components4_ptr_pend     cpct_keyboard
     00000752  _entities_components               cpct_keyboard
     000007CA  man_components_init                cpct_keyboard
     000007E8  man_components_getComponentPtrHL   cpct_keyboard
     000007F6  man_components_getArrayHL          cpct_keyboard
     000007FC  man_components_add                 cpct_keyboard
     0000080F  man_components_removePtr           cpct_keyboard
     00000839  _entity_array                      cpct_keyboard
     00000979  man_entity_destroy                 cpct_keyboard
     000009B3  man_entity_new                     cpct_keyboard
     000009D4  man_entity_init                    cpct_keyboard
     000009F2  man_entity_init_linked_list        cpct_keyboard
     00000A0D  man_entity_set4destruction         cpct_keyboard
     00000A1B  man_entity_update                  cpct_keyboard
     00000A42  man_entity_create                  cpct_keyboard
     00000A82  man_entity_getEntityArrayIX        cpct_keyboard
     00000A8A  man_entity_getPlayerPosition       cpct_keyboard
     00000A8F  man_entity_getOponentPosition      cpct_keyboard
     00000A9E  man_entity_deleteEverythingExcep   cpct_keyboard
     00000AB3  man_fight_init                     fight_manager
     00000AB4  man_fight_update                   fight_manager
     00000AB5  man_game_init                      game_manager
ASxxxx Linker V03.00 + NoICE + sdld,  page 3.
Hexadecimal  [32-Bits]

Area                                    Addr        Size        Decimal Bytes (Attributes)
--------------------------------        ----        ----        ------- ----- ------------
_CODE                               00000200    00002189 =        8585. bytes (REL,CON)

      Value  Global                              Global Defined In Module
      -----  --------------------------------   ------------------------
     00000AD0  man_game_update                    game_manager
     00000AFB  man_game_get_state                 game_manager
     00000AFF  man_game_set_state                 game_manager
     00000B03  sys_input_clean_buffer             input_system
     00000B09  sys_input_wait4anykey              input_system
     00000B1B  sys_input_getKeyPressed            input_system
     00000B41  sys_input_waitKeyPressed           input_system
     00000B55  sys_input_init                     input_system
     00000B56  sys_input_generic_update           input_system
     00000B76  sys_input_main_menu_update         input_system
     00000B7E  sys_input_player_left              input_system
     00000BA7  sys_input_player_right             input_system
     00000BCF  sys_input_player_up                input_system
     00000BF8  sys_input_player_down              input_system
     00000C20  sys_input_player_jump              input_system
     00000C3C  sys_input_player_update            input_system
     00000C4B  sys_messages_load_window_data      messages_system
     00000CA0  sys_messages_draw_window           messages_system
     00000CD6  sys_messages_restore_message_bac   messages_system
     00000CE9  sys_messages_show                  messages_system
     00000D74  sys_messages_draw_box              messages_system
     00001987  sys_physics_init                   physics_system
     00001990  sys_physics_apply_gravity          physics_system
     000019A2  sys_physics_apply_friction_vx      physics_system
     000019C9  sys_physics_apply_friction_vy      physics_system
     000019F0  sys_physics_update_one_entity      physics_system
     00001A3B  sys_physics_update                 physics_system
     00001A51  sys_render_clear_buffer            render_system
     00001A5C  sys_render_clear_back_buffer       render_system
     00001A66  sys_render_clear_front_buffer      render_system
     00001A70  sys_render_switch_buffers          render_system
     00001A86  sys_render_init                    render_system
     00001AA6  sys_render_erase_one_entity        render_system
     00001ABB  sys_render_draw_one_player_entit   render_system
     00001AD4  sys_render_draw_sprite_one_entit   render_system
     00001AEA  sys_render_update_one_entity       render_system
     00001B27  sys_render_update                  render_system
     00001B3C  sys_render_debug_entity            render_system
     00001C13  sys_system_disable_firmware        system_system
     00001C25  sys_text_reset_aux_txt             text_manager
     00001C30  sys_text_str_length                text_manager
     00001C3C  sys_text_str_copy                  text_manager
     00001C4B  sys_text_str_cmp                   text_manager
     00001C65  sys_text_draw_char                 text_manager
     00001CF5  sys_text_draw_string               text_manager
     00001D44  sys_text_num2str8                  text_manager
     00001D5B  sys_text_draw_small_char_number    text_manager
     00001D72  sys_text_draw_small_number         text_manager
     00001D9F  sys_util_h_times_e                 sys_util
     00001DC3  sys_util_hl_div_c                  sys_util
     00001DD0  sys_util_absHL                     sys_util
ASxxxx Linker V03.00 + NoICE + sdld,  page 4.
Hexadecimal  [32-Bits]

Area                                    Addr        Size        Decimal Bytes (Attributes)
--------------------------------        ----        ----        ------- ----- ------------
_CODE                               00000200    00002189 =        8585. bytes (REL,CON)

      Value  Global                              Global Defined In Module
      -----  --------------------------------   ------------------------
     00001DDA  sys_util_BCD_GetEnd                sys_util
     00001DE5  sys_util_BCD_Add                   sys_util
     00001DEF  sys_util_BCD_Compare               sys_util
     00001DFE  sys_util_get_random_number         sys_util
     00001E14  sys_util_delay                     sys_util
     00001E1C  _cpct_setInterruptHandler          cpct_firmware
     00001E1C  cpct_setInterruptHandler_asm       cpct_firmware
     00001E2D  cpct_safeInterruptHandlerHook      cpct_firmware
     00001E43  cpct_getScreenToSprite_asm         cpct_sprites
     00001E65  cpct_setPalette_asm                cpct_video
     00001E78  _cpct_isKeyPressed                 cpct_keyboard
     00001E78  cpct_isKeyPressed_asm              cpct_keyboard
     00001E84  cpct_setPALColour_asm              cpct_video
     00001E8E  cpct_drawSprite_asm                cpct_sprites
     00001F2E  cpct_etm_drawTileBox2x4_asm        cpct_easytilemaps
     00001FBA  cpct_etm_drawTilemap4x8_ag_asm     cpct_easytilemaps
     00001FBC  cpct_etm_dtm4x8_ag_asm_widthHeig   cpct_easytilemaps
     00001FD2  cpct_etm_dtm4x8_ag_asm_tilesetPt   cpct_easytilemaps
     0000203D  cpct_etm_dtm4x8_ag_asm_restoreI    cpct_easytilemaps
     00002043  cpct_etm_dtm4x8_ag_asm_increment   cpct_easytilemaps
     00002048  cpct_etm_dtm4x8_ag_asm_restoreWi   cpct_easytilemaps
     0000204B  cpct_etm_dtm4x8_ag_asm_updateWid   cpct_easytilemaps
     00002053  _cpct_keyboardStatusBuffer         cpct_keyboard
     0000205D  cpct_waitHalts_asm                 cpct_memutils
     00002061  _cpct_setSeed_mxor                 cpct_random
     00002061  cpct_setSeed_mxor_asm              cpct_random
     00002069  _cpct_etm_drawTileRow2x4           cpct_easytilemaps
     00002070  cpct_etm_drawTileRow2x4_asm        cpct_easytilemaps
     00002072  dtr_restore_ptileset               cpct_easytilemaps
     0000208A  cpct_setSeed_xsp40_u8_asm          cpct_random
     00002095  _cpct_setVideoMemoryPage           cpct_video
     00002095  cpct_setVideoMemoryPage_asm        cpct_video
     0000209E  cpct_memset_f64_asm                cpct_memutils
     000020E4  _cpct_getRandom_xsp40_u8           cpct_random
     000020E4  cpct_getRandom_xsp40_u8_asm        cpct_random
     000020E9  _cpct_seed1_xsp40_u8               cpct_random
     000020EC  _cpct_seed2_xsp40_u8               cpct_random
     00002106  _cpct_seed3_xsp40_u8               cpct_random
     00002109  _cpct_isAnyKeyPressed              cpct_keyboard
     00002109  cpct_isAnyKeyPressed_asm           cpct_keyboard
     00002116  _cpct_scanKeyboard_if              cpct_keyboard
     00002116  cpct_scanKeyboard_if_asm           cpct_keyboard
     0000217E  cpct_setVideoMode_asm              cpct_video
     0000218B  _cpct_waitVSYNC                    cpct_video
     0000218B  cpct_waitVSYNC_asm                 cpct_video
     00002193  cpct_memset_asm                    cpct_memutils
     0000219B  cpct_px2byteM0_asm                 cpct_sprites
     000021B5  _cpct_disableFirmware              cpct_firmware
     000021B5  _cpct_removeInterruptHandler       cpct_firmware
     000021B5  cpct_disableFirmware_asm           cpct_firmware
     000021B5  cpct_removeInterruptHandler_asm    cpct_firmware
ASxxxx Linker V03.00 + NoICE + sdld,  page 5.
Hexadecimal  [32-Bits]

Area                                    Addr        Size        Decimal Bytes (Attributes)
--------------------------------        ----        ----        ------- ----- ------------
_CODE                               00000200    00002189 =        8585. bytes (REL,CON)

      Value  Global                              Global Defined In Module
      -----  --------------------------------   ------------------------
     000021C5  cpct_drawSolidBox_asm              cpct_sprites
     00002268  _cpct_getRandom_mxor_u8            cpct_random
     00002268  cpct_getRandom_mxor_u8_asm         cpct_random
     00002269  cpct_randomIdx_mxor_u8             cpct_random
     0000228D  cpct_drawTileAligned2x4_f_asm      cpct_sprites
     000022AE  cpct_drawSpriteBlended_asm         cpct_sprites
     000022B4  _cpct_dsb_blendFunction            cpct_sprites
     000022D5  _cpct_mode_rom_status              cpct_firmware
     000022D6  cpct_getScreenPtr_asm              cpct_video
     000022E8  _cpct_scanKeyboard                 cpct_keyboard
     000022E8  cpct_scanKeyboard_asm              cpct_keyboard
     00002319  _cpct_waitVSYNCStart               cpct_video
     00002319  cpct_waitVSYNCStart_asm            cpct_video
     00002326  cpct_etm_setDrawTilemap4x8_ag_as   cpct_easytilemaps
     00002352  _cpct_mxor32_seed                  cpct_random
     00002356  _cpct_nextRandom_mxor_u32          cpct_random
     00002356  cpct_nextRandom_mxor_u32_asm       cpct_random
     00002379  dc_mode0_ct                        cpct_strings

ASxxxx Linker V03.00 + NoICE + sdld,  page 6.
Hexadecimal  [32-Bits]

Area                                    Addr        Size        Decimal Bytes (Attributes)
--------------------------------        ----        ----        ------- ----- ------------
_DATA                               00002389    000000C1 =         193. bytes (REL,CON)

      Value  Global                              Global Defined In Module
      -----  --------------------------------   ------------------------
     000023A6  first_lvl                          fight_manager
     000023D5  player1Tpl                         game_manager
     000023F5  game_state                         game_manager
     000023F6  sys_input_main_menu_actions        input_system
     000023F8  sys_input_player_actions           input_system
     0000240E  _window_data                       messages_system
     00002427  sys_render_front_buffer            render_system
     00002428  sys_render_back_buffer             render_system
     00002429  sys_render_touched_zones           render_system
     0000242A  nInterrupt                         system_system
     0000242B  aux_txt                            text_manager
     0000243F  string_buffer                      sys_util
ASxxxx Linker V03.00 + NoICE + sdld,  page 7.
Hexadecimal  [32-Bits]

Area                                    Addr        Size        Decimal Bytes (Attributes)
--------------------------------        ----        ----        ------- ----- ------------
_ABS0                               00000000    00000100 =         256. bytes (ABS,CON)

      Value  Global                              Global Defined In Module
      -----  --------------------------------   ------------------------
     00000100  transparency_table                 render_system

ASxxxx Linker V03.00 + NoICE + sdld,  page 8.

Files Linked                              [ module(s) ]

obj/assets/sprites/small_numbers.rel      [ small_numbers ]
obj/assets/sprites/font_chars_0.rel       [ font_chars_0 ]
obj/assets/palette/g_palette.rel          [ g_palette ]
obj/common.h.rel                          [  ]
obj/macros.h.rel                          [  ]
obj/main.rel                              [ cpct_keyboard ]
obj/man/array.h.rel                       [ array_manager ]
obj/man/array.rel                         [ array_manager ]
obj/man/components.h.rel                  [  ]
obj/man/components.rel                    [ cpct_keyboard ]
obj/man/entities.h.rel                    [ Entity_Manager ]
obj/man/entities.rel                      [ cpct_keyboard ]
obj/man/fight.h.rel                       [ fight_manager ]
obj/man/fight.rel                         [ fight_manager ]
obj/man/game.h.rel                        [ game_manager ]
obj/man/game.rel                          [ game_manager ]
obj/cmp/cmp.h.rel                         [  ]
obj/sys/input.h.rel                       [  ]
obj/sys/input.rel                         [ input_system ]
obj/sys/messages.h.rel                    [ messages_system ]
obj/sys/messages.rel                      [ messages_system ]
obj/sys/physics.h.rel                     [ physics_system ]
obj/sys/physics.rel                       [ physics_system ]
obj/sys/render.h.rel                      [ render_system ]
obj/sys/render.rel                        [ render_system ]
obj/sys/system.h.rel                      [ system_system ]
obj/sys/system.rel                        [ system_system ]
obj/sys/text.h.rel                        [  ]
obj/sys/text.rel                          [ text_manager ]
obj/sys/util.h.rel                        [  ]
obj/sys/util.rel                          [ sys_util ]


Libraries Linked                          [ object file ]

/Users/david/Projects/retro/cpctelera/cpctelera/cpctelera.lib
                                          [ cpct_setInterruptHandler.rel ]
/Users/david/Projects/retro/cpctelera/cpctelera/cpctelera.lib
                                          [ cpct_getScreenToSprite_asmbindin ]
/Users/david/Projects/retro/cpctelera/cpctelera/cpctelera.lib
                                          [ cpct_setPalette_asmbindings.rel ]
/Users/david/Projects/retro/cpctelera/cpctelera/cpctelera.lib
                                          [ cpct_isKeyPressed.rel ]
/Users/david/Projects/retro/cpctelera/cpctelera/cpctelera.lib
                                          [ cpct_setPALColour_asmbindings.re ]
/Users/david/Projects/retro/cpctelera/cpctelera/cpctelera.lib
                                          [ cpct_drawSprite_asmbindings.rel ]
/Users/david/Projects/retro/cpctelera/cpctelera/cpctelera.lib
                                          [ cpct_etm_drawTileBox2x4_asmbindi ]
/Users/david/Projects/retro/cpctelera/cpctelera/cpctelera.lib
                                          [ cpct_etm_drawTilemap4x8_ag_asmbi ]
/Users/david/Projects/retro/cpctelera/cpctelera/cpctelera.lib
                                          [ keyboard.rel ]
/Users/david/Projects/retro/cpctelera/cpctelera/cpctelera.lib
                                          [ cpct_waitHalts_asmbindings.rel ]
/Users/david/Projects/retro/cpctelera/cpctelera/cpctelera.lib
                                          [ cpct_setSeed_mxor.rel ]
/Users/david/Projects/retro/cpctelera/cpctelera/cpctelera.lib
                                          [ cpct_etm_drawTileRow2x4.rel ]
/Users/david/Projects/retro/cpctelera/cpctelera/cpctelera.lib
                                          [ cpct_setSeed_xsp40_u8_asmbinding ]
/Users/david/Projects/retro/cpctelera/cpctelera/cpctelera.lib
                                          [ cpct_setVideoMemoryPage.rel ]
/Users/david/Projects/retro/cpctelera/cpctelera/cpctelera.lib
                                          [ cpct_memset_f64_asmbinding.rel ]
/Users/david/Projects/retro/cpctelera/cpctelera/cpctelera.lib
                                          [ cpct_getRandom_xsp40_u8.rel ]
/Users/david/Projects/retro/cpctelera/cpctelera/cpctelera.lib
                                          [ cpct_isAnyKeyPressed.rel ]
/Users/david/Projects/retro/cpctelera/cpctelera/cpctelera.lib
                                          [ cpct_scanKeyboard_if.rel ]
/Users/david/Projects/retro/cpctelera/cpctelera/cpctelera.lib
                                          [ cpct_setVideoMode_asmbindings.re ]
/Users/david/Projects/retro/cpctelera/cpctelera/cpctelera.lib
                                          [ cpct_waitVSYNC.rel ]
/Users/david/Projects/retro/cpctelera/cpctelera/cpctelera.lib
                                          [ cpct_memset_asmbinding.rel ]
/Users/david/Projects/retro/cpctelera/cpctelera/cpctelera.lib
                                          [ cpct_px2byteM0_asmbindings.rel ]
/Users/david/Projects/retro/cpctelera/cpctelera/cpctelera.lib
                                          [ cpct_removeInterruptHandler.rel ]
/Users/david/Projects/retro/cpctelera/cpctelera/cpctelera.lib
                                          [ cpct_drawSolidBox_asmbindings.re ]
/Users/david/Projects/retro/cpctelera/cpctelera/cpctelera.lib
                                          [ cpct_getRandom_mxor_u8.rel ]
/Users/david/Projects/retro/cpctelera/cpctelera/cpctelera.lib
                                          [ cpct_drawTileAligned2x4_f_asmbin ]
/Users/david/Projects/retro/cpctelera/cpctelera/cpctelera.lib
                                          [ cpct_drawSpriteBlended_asmbindin ]
/Users/david/Projects/retro/cpctelera/cpctelera/cpctelera.lib
                                          [ cpc_mode_rom_status.rel ]
/Users/david/Projects/retro/cpctelera/cpctelera/cpctelera.lib
                                          [ cpct_getScreenPtr_asmbindings.re ]
/Users/david/Projects/retro/cpctelera/cpctelera/cpctelera.lib
                                          [ cpct_scanKeyboard.rel ]
/Users/david/Projects/retro/cpctelera/cpctelera/cpctelera.lib
                                          [ cpct_waitVSYNCStart.rel ]
/Users/david/Projects/retro/cpctelera/cpctelera/cpctelera.lib
                                          [ cpct_etm_setDrawTilemap4x8_ag_as ]
/Users/david/Projects/retro/cpctelera/cpctelera/cpctelera.lib
                                          [ cpct_mxor32_seed.rel ]
/Users/david/Projects/retro/cpctelera/cpctelera/cpctelera.lib
                                          [ cpct_nextRandom_mxor_u32.rel ]
/Users/david/Projects/retro/cpctelera/cpctelera/cpctelera.lib
                                          [ cpct_dc_mode0_ct.rel ]

ASxxxx Linker V03.00 + NoICE + sdld,  page 9.

User Base Address Definitions

_CODE = 0x0200
_DATA = 0x0000

